
> inventra-factura@0.1.0 build
> next build

node.exe : ΓÜá Warning: 
Next.js inferred your 
workspace root, but it may 
not be correct.
En línea: 1 Carácter: 1
+ & "C:\Program 
Files\nodejs/node.exe" 
"C:\Program 
Files\nodejs/node_mo ...
+ ~~~~~~~~~~~~~~~~~~~~~~~~~~~~
~~~~~~~~~~~~~~~~~~~~~~~~~~~~~~
~~~~~~~~~~~
    + CategoryInfo            
  : NotSpecified:     (ΓÜá 
Warning: Ne...n    ot be 
correct.:Strin    g) [], 
RemoteExcepti    on
    + FullyQualifiedErro    
rId : NativeCommandE    rror
 
 We detected multiple 
lockfiles and selected the 
directory of C:\Users\matia\pa
ckage-lock.json as the root 
directory.
 To silence this warning, set 
`turbopack.root` in your 
Next.js config, or consider 
removing one of the lockfiles 
if it's not needed.
   See https://nextjs.org/docs
/app/api-reference/config/next
-config-js/turbopack#root-dire
ctory for more information.
 Detected additional 
lockfiles: 
   * C:\Users\matia\ghfs\packa
ge-lock.json

Γû▓ Next.js 16.1.6 (Turbopack)
- Environments: .env.local

ΓÜá The "middleware" file 
convention is deprecated. 
Please use "proxy" instead. 
Learn more: https://nextjs.org
/docs/messages/middleware-to-p
roxy
  Creating an optimized production build ...
Γ£ô Compiled successfully in 6.9s
  Running TypeScript ...
Failed to compile.

.next/dev/types/validator.ts:1
80:31
Type error: Type 'typeof impor
t("C:/Users/matia/ghfs/app/api
/invoices/[id]/download/[forma
t]/route")' does not satisfy 
the constraint 'RouteHandlerCo
nfig<"/api/invoices/[id]/downl
oad/[format]">'.
  Types of property 'GET' are 
incompatible.
    Type '(request: Request, 
{ params }: { params: { id: 
string; format: string; }; }) 
=> Promise<Response>' is not 
assignable to type '(request: 
NextRequest, context: { 
params: Promise<{ id: string; 
format: string; }>; }) => 
void | Response | 
Promise<void | Response>'.
      Types of parameters 
'__1' and 'context' are 
incompatible.
        Type '{ params: 
Promise<{ id: string; format: 
string; }>; }' is not 
assignable to type '{ params: 
{ id: string; format: string; 
}; }'.
          Types of property 
'params' are incompatible.
            Type 'Promise<{ 
id: string; format: string; 
}>' is missing the following 
properties from type '{ id: 
string; format: string; }': 
id, format

[0m [90m 178 |[39m   type _
_IsExpected[33m<[39m[33mSpe
cific[39m [36mextends[39m 
[33mRouteHandlerConfig[39m[3
3m<[39m[32m"/api/invoices/[i
d]/download/[format]"[39m[33
m>>[39m [33m=[39m 
[33mSpecific[39m
 [90m 179 |[39m   
[36mconst[39m handler 
[33m=[39m {} [36mas[39m 
[36mtypeof[39m [36mimport[
39m([32m"../../../app/api/inv
oices/[id]/download/[format]/r
oute.js"[39m)
[31m[1m>[22m[39m[90m 180 
|[39m   type __Check 
[33m=[39m __IsExpected[33m<
[39m[36mtypeof[39m 
handler[33m>[39m
 [90m     |[39m             
                  
[31m[1m^[22m[39m
 [90m 181 |[39m   [90m// 
@ts-ignore[39m
 [90m 182 |[39m   type 
__Unused [33m=[39m __Check
 [90m 183 |[39m }[0m
Next.js build worker exited 
with code: 1 and signal: null
