.next/dev/types/validator.ts(180,31): error TS2344: Type 'typeof import("C:/Users/matia/ghfs/app/api/invoices/[id]/download/[format]/route")' does not satisfy the constraint 'RouteHandlerConfig<"/api/invoices/[id]/download/[format]">'.
  Types of property 'GET' are incompatible.
    Type '(request: Request, { params }: { params: { id: string; format: string; }; }) => Promise<Response>' is not assignable to type '(request: NextRequest, context: { params: Promise<{ id: string; format: string; }>; }) => void | Response | Promise<void | Response>'.
      Types of parameters '__1' and 'context' are incompatible.
        Type '{ params: Promise<{ id: string; format: string; }>; }' is not assignable to type '{ params: { id: string; format: string; }; }'.
          Types of property 'params' are incompatible.
            Type 'Promise<{ id: string; format: string; }>' is missing the following properties from type '{ id: string; format: string; }': id, format
.next/dev/types/validator.ts(198,31): error TS2344: Type 'typeof import("C:/Users/matia/ghfs/app/api/invoices/[id]/stamp/route")' does not satisfy the constraint 'RouteHandlerConfig<"/api/invoices/[id]/stamp">'.
  Types of property 'POST' are incompatible.
    Type '(request: Request, { params }: { params: { id: string; }; }) => Promise<NextResponse<{ success: boolean; facturapiId: string; invoice: Invoice; }> | NextResponse<{ error: any; details: any; }>>' is not assignable to type '(request: NextRequest, context: { params: Promise<{ id: string; }>; }) => void | Response | Promise<void | Response>'.
      Types of parameters '__1' and 'context' are incompatible.
        Type '{ params: Promise<{ id: string; }>; }' is not assignable to type '{ params: { id: string; }; }'.
          Types of property 'params' are incompatible.
            Property 'id' is missing in type 'Promise<{ id: string; }>' but required in type '{ id: string; }'.
.next/types/validator.ts(180,31): error TS2344: Type 'typeof import("C:/Users/matia/ghfs/app/api/invoices/[id]/download/[format]/route")' does not satisfy the constraint 'RouteHandlerConfig<"/api/invoices/[id]/download/[format]">'.
  Types of property 'GET' are incompatible.
    Type '(request: Request, { params }: { params: { id: string; format: string; }; }) => Promise<Response>' is not assignable to type '(request: NextRequest, context: { params: Promise<{ id: string; format: string; }>; }) => void | Response | Promise<void | Response>'.
      Types of parameters '__1' and 'context' are incompatible.
        Type '{ params: Promise<{ id: string; format: string; }>; }' is not assignable to type '{ params: { id: string; format: string; }; }'.
          Types of property 'params' are incompatible.
            Type 'Promise<{ id: string; format: string; }>' is missing the following properties from type '{ id: string; format: string; }': id, format
.next/types/validator.ts(198,31): error TS2344: Type 'typeof import("C:/Users/matia/ghfs/app/api/invoices/[id]/stamp/route")' does not satisfy the constraint 'RouteHandlerConfig<"/api/invoices/[id]/stamp">'.
  Types of property 'POST' are incompatible.
    Type '(request: Request, { params }: { params: { id: string; }; }) => Promise<NextResponse<{ success: boolean; facturapiId: string; invoice: Invoice; }> | NextResponse<{ error: any; details: any; }>>' is not assignable to type '(request: NextRequest, context: { params: Promise<{ id: string; }>; }) => void | Response | Promise<void | Response>'.
      Types of parameters '__1' and 'context' are incompatible.
        Type '{ params: Promise<{ id: string; }>; }' is not assignable to type '{ params: { id: string; }; }'.
          Types of property 'params' are incompatible.
            Property 'id' is missing in type 'Promise<{ id: string; }>' but required in type '{ id: string; }'.
